// Jest Snapshot v1, https://goo.gl/fbAQLP

exports[`DarkModeButton has not changed 1`] = `
<DocumentFragment>
  <button
    class="is-light"
  >
    Hello World!
  </button>
</DocumentFragment>
`;
